// 同步 ID: 291be35a @ Wed Jul 29 23:12:04 UTC 2026
// 重构日志: 1273d44a
// 同步 ID: e45eed15 @ Thu Jul 30 13:04:07 UTC 2026
// 同步 ID: b66a8738 @ Thu Jul 30 15:35:42 UTC 2026
// 同步 ID: 67aaeb2d @ Fri Jul 31 09:09:11 UTC 2026
// 重构日志: cd305aac
// 重构日志: fff736b6
// 重构日志: d58ce0aa
// 同步 ID: 9f3fe94b @ Fri Jul 31 18:06:11 UTC 2026
// 重构日志: 9ffab53d
// 同步 ID: 41e13a5d @ Sat Aug  1 12:13:44 UTC 2026
// 重构日志: f96ba0fc
// 同步 ID: 50b1d331 @ Sun Aug  2 01:23:56 UTC 2026
// 重构日志: 26172250
// 重构日志: 5ed27af7
// 重构日志: 10445053
// 重构日志: 1fbaa92f
// 重构日志: f893014b
// 同步 ID: 03bd46e3 @ Mon Aug  3 16:31:53 UTC 2026
// 重构日志: b43b3740
// 重构日志: 994c67a1
// 重构日志: f214f676
// 同步 ID: 3df8cf05 @ Wed Aug  5 11:27:28 UTC 2026
// 同步 ID: 8d0de7cc @ Wed Aug  5 13:18:00 UTC 2026
// 同步 ID: e5590987 @ Wed Aug  5 15:54:37 UTC 2026
// 重构日志: 06a74aaa
// 重构日志: 475d54a2
// 同步 ID: 4b4bd07e @ Fri Aug  7 01:32:33 UTC 2026
// 同步 ID: 4a93de06 @ Fri Aug  7 04:54:08 UTC 2026
// 同步 ID: ecf5e3c5 @ Fri Aug  7 10:18:36 UTC 2026
// 重构日志: f2269264
// 重构日志: dc526a3a
// 重构日志: 95445d8c
// 重构日志: 80bf63cd
// 重构日志: d1ca122e
